[
    {
        "hue": 87,
        "saturation": 59,
        "lightness": 55
    },
    {
        "hue": 112,
        "saturation": 62,
        "lightness": 56
    },
    {
        "hue": 87,
        "saturation": 59,
        "lightness": 55
    },
    {
        "hue": 114,
        "saturation": 62,
        "lightness": 56
    },
    {
        "hue": 237,
        "saturation": 76,
        "lightness": 63
    },
    {
        "hue": 331,
        "saturation": 87,
        "lightness": 69
    },
    {
        "hue": 13,
        "saturation": 51,
        "lightness": 50
    },
    {
        "hue": 295,
        "saturation": 83,
        "lightness": 67
    },
    {
        "hue": 82,
        "saturation": 59,
        "lightness": 54
    },
    {
        "hue": 85,
        "saturation": 59,
        "lightness": 54
    }
]
